// Vitest Snapshot v1, https://vitest.dev/guide/snapshot.html

exports[`mdxToMarkdown > should transform Accordion MDX content to markdown with metadata 1`] = `
"# Accordion



A high-quality, unstyled React accordion component built on the native details and summary elements.

## Demo

### Tailwind

This example shows how to implement the component using Tailwind CSS.

\`\`\`tsx
/* index.tsx */
import * as React from 'react';
import { Accordion } from '@base-ui/react/accordion';

export default function ExampleAccordion() {
  return (
    <Accordion.Root className="flex w-full max-w-80 flex-col border border-neutral-950 text-neutral-950 [interpolate-size:allow-keywords] dark:border-white dark:text-white">
      <Accordion.Item className="[&::details-content]:[block-size:0] [&::details-content]:overflow-hidden [&::details-content]:[transition:block-size_150ms_ease-out,content-visibility_150ms_ease-out_allow-discrete] [&[open]::details-content]:[block-size:auto]">
        <Accordion.Trigger className="group flex w-full cursor-pointer list-none items-center justify-between gap-4 bg-transparent px-3 py-2 text-start text-sm font-normal text-neutral-950 select-none hover:not-data-disabled:bg-neutral-100 focus-visible:relative focus-visible:z-1 focus-visible:outline-2 focus-visible:outline-neutral-950 data-disabled:cursor-not-allowed dark:text-white dark:hover:not-data-disabled:bg-neutral-800 dark:focus-visible:outline-white [&::-webkit-details-marker]:hidden">
          What is Base UI?
          <PlusIcon className="shrink-0 transition-transform duration-100 ease-[ease-out] group-data-panel-open:rotate-45" />
        </Accordion.Trigger>
        <Accordion.Panel className="text-sm">
          <div className="px-3 py-2">
            Base UI is a library of high-quality unstyled React components for design systems and
            web apps.
          </div>
        </Accordion.Panel>
      </Accordion.Item>

      <Accordion.Item className="border-t border-neutral-950 [&::details-content]:[block-size:0] [&::details-content]:overflow-hidden [&::details-content]:[transition:block-size_150ms_ease-out,content-visibility_150ms_ease-out_allow-discrete] [&[open]::details-content]:[block-size:auto] dark:border-white">
        <Accordion.Trigger className="group flex w-full cursor-pointer list-none items-center justify-between gap-4 bg-transparent px-3 py-2 text-start text-sm font-normal text-neutral-950 select-none hover:not-data-disabled:bg-neutral-100 focus-visible:relative focus-visible:z-1 focus-visible:outline-2 focus-visible:outline-neutral-950 data-disabled:cursor-not-allowed dark:text-white dark:hover:not-data-disabled:bg-neutral-800 dark:focus-visible:outline-white [&::-webkit-details-marker]:hidden">
          How do I get started?
          <PlusIcon className="shrink-0 transition-transform duration-100 ease-[ease-out] group-data-panel-open:rotate-45" />
        </Accordion.Trigger>
        <Accordion.Panel className="text-sm">
          <div className="px-3 py-2">
            Head to the “Quick start” guide in the docs. If you’ve used unstyled libraries before,
            you’ll feel at home.
          </div>
        </Accordion.Panel>
      </Accordion.Item>

      <Accordion.Item className="border-t border-neutral-950 [&::details-content]:[block-size:0] [&::details-content]:overflow-hidden [&::details-content]:[transition:block-size_150ms_ease-out,content-visibility_150ms_ease-out_allow-discrete] [&[open]::details-content]:[block-size:auto] dark:border-white">
        <Accordion.Trigger className="group flex w-full cursor-pointer list-none items-center justify-between gap-4 bg-transparent px-3 py-2 text-start text-sm font-normal text-neutral-950 select-none hover:not-data-disabled:bg-neutral-100 focus-visible:relative focus-visible:z-1 focus-visible:outline-2 focus-visible:outline-neutral-950 data-disabled:cursor-not-allowed dark:text-white dark:hover:not-data-disabled:bg-neutral-800 dark:focus-visible:outline-white [&::-webkit-details-marker]:hidden">
          Can I use it for my project?
          <PlusIcon className="shrink-0 transition-transform duration-100 ease-[ease-out] group-data-panel-open:rotate-45" />
        </Accordion.Trigger>
        <Accordion.Panel className="text-sm">
          <div className="px-3 py-2">Of course! Base UI is free and open source.</div>
        </Accordion.Panel>
      </Accordion.Item>
    </Accordion.Root>
  );
}

function PlusIcon(props: React.ComponentProps<'svg'>) {
  return (
    <svg
      width="16"
      height="16"
      viewBox="0 0 16 16"
      fill="none"
      stroke="currentColor"
      strokeLinecap="square"
      strokeLinejoin="round"
      {...props}
      style={{ display: 'block', ...props.style }}
    >
      <path d="M1.5 8h13M8 14.5v-13" />
    </svg>
  );
}

\`\`\`

### CSS Modules

This example shows how to implement the component using CSS Modules.

\`\`\`css
/* index.module.css */
.Accordion {
  box-sizing: border-box;
  display: flex;
  max-width: 20rem;
  width: 100%;
  flex-direction: column;
  border: 1px solid oklch(14.5% 0 0deg);
  color: oklch(14.5% 0 0deg);

  /* Enables animating the panel from a fixed height to \`auto\`. */
  interpolate-size: allow-keywords;

  @media (prefers-color-scheme: dark) {
    border: 1px solid white;
    color: white;
  }
}

.Item {
  & + & {
    border-top: 1px solid oklch(14.5% 0 0deg);

    @media (prefers-color-scheme: dark) {
      border-top: 1px solid white;
    }
  }

  /* The panel lives in the \`<details>\` content, animated with modern CSS. */
  &::details-content {
    block-size: 0;
    overflow: hidden;
    transition-property: block-size, content-visibility;
    transition-duration: 150ms;
    transition-timing-function: ease-out;
    transition-behavior: allow-discrete;
  }

  &[open]::details-content {
    block-size: auto;
  }

  @media (prefers-reduced-motion: reduce) {
    &::details-content {
      transition: none;
    }
  }
}

.Trigger {
  box-sizing: border-box;
  display: flex;
  width: 100%;
  align-items: center;
  justify-content: space-between;
  gap: 1rem;
  padding: 0.5rem 0.75rem;
  margin: 0;
  background-color: transparent;
  color: oklch(14.5% 0 0deg);
  font-family: inherit;
  font-size: 0.875rem;
  font-weight: 400;
  line-height: 1.25rem;
  text-align: start;
  cursor: pointer;
  list-style: none;
  -webkit-user-select: none;
  user-select: none;

  &::-webkit-details-marker {
    display: none;
  }

  @media (prefers-color-scheme: dark) {
    color: white;
  }

  @media (hover: hover) {
    &:hover:not([data-disabled]) {
      background-color: oklch(97% 0 0deg);

      @media (prefers-color-scheme: dark) {
        background-color: oklch(26.9% 0 0deg);
      }
    }
  }

  &[data-disabled] {
    cursor: not-allowed;
  }

  &:focus-visible {
    position: relative;
    outline: 2px solid oklch(14.5% 0 0deg);
    z-index: 1;

    @media (prefers-color-scheme: dark) {
      outline-color: white;
    }
  }
}

.Icon {
  transition: transform 100ms ease-out;

  [data-panel-open] > & {
    transform: rotate(45deg);
  }
}

.Panel {
  font-size: 0.875rem;
  line-height: 1.25rem;
}

.Content {
  padding: 0.5rem 0.75rem;
}

\`\`\`

\`\`\`tsx
/* index.tsx */
import * as React from 'react';
import { Accordion } from '@base-ui/react/accordion';
import styles from './index.module.css';

export default function ExampleAccordion() {
  return (
    <Accordion.Root className={styles.Accordion}>
      <Accordion.Item className={styles.Item}>
        <Accordion.Trigger className={styles.Trigger}>
          What is Base UI?
          <PlusIcon className={styles.Icon} />
        </Accordion.Trigger>
        <Accordion.Panel className={styles.Panel}>
          <div className={styles.Content}>
            Base UI is a library of high-quality unstyled React components for design systems and
            web apps.
          </div>
        </Accordion.Panel>
      </Accordion.Item>

      <Accordion.Item className={styles.Item}>
        <Accordion.Trigger className={styles.Trigger}>
          How do I get started?
          <PlusIcon className={styles.Icon} />
        </Accordion.Trigger>
        <Accordion.Panel className={styles.Panel}>
          <div className={styles.Content}>
            Head to the “Quick start” guide in the docs. If you’ve used unstyled libraries before,
            you’ll feel at home.
          </div>
        </Accordion.Panel>
      </Accordion.Item>

      <Accordion.Item className={styles.Item}>
        <Accordion.Trigger className={styles.Trigger}>
          Can I use it for my project?
          <PlusIcon className={styles.Icon} />
        </Accordion.Trigger>
        <Accordion.Panel className={styles.Panel}>
          <div className={styles.Content}>Of course! Base UI is free and open source.</div>
        </Accordion.Panel>
      </Accordion.Item>
    </Accordion.Root>
  );
}

function PlusIcon(props: React.ComponentProps<'svg'>) {
  return (
    <svg
      width="16"
      height="16"
      viewBox="0 0 16 16"
      fill="none"
      stroke="currentColor"
      strokeLinecap="square"
      strokeLinejoin="round"
      {...props}
      style={{ display: 'block', ...props.style }}
    >
      <path d="M1.5 8h13M8 14.5v-13" />
    </svg>
  );
}

\`\`\`

## Anatomy

Import the component and assemble its parts:

\`\`\`jsx title="Anatomy"
import { Accordion } from '@base-ui/react/accordion';

<Accordion.Root>
  <Accordion.Item>
    <Accordion.Trigger />
    <Accordion.Panel />
  </Accordion.Item>
</Accordion.Root>;
\`\`\`

- \`Accordion.Item\` renders a native \`<details>\` element.
- \`Accordion.Trigger\` renders its \`<summary>\` — the control that labels and toggles the panel.
- \`Accordion.Panel\` renders the \`<details>\` content, so it stays in the DOM while closed and can be animated with the \`::details-content\` pseudo-element.

## Examples

### Open multiple panels

By default only one panel stays open at a time: each item's \`<details>\` shares a \`name\`, so the browser closes the others natively. Set the \`multiple\` prop to let several panels stay open at once (the shared \`name\` is dropped).

## Demo

### Tailwind

This example shows how to implement the component using Tailwind CSS.

\`\`\`tsx
/* index.tsx */
import * as React from 'react';
import { Accordion } from '@base-ui/react/accordion';

export default function ExampleAccordion() {
  return (
    <Accordion.Root
      multiple
      className="flex w-full max-w-80 flex-col border border-neutral-950 text-neutral-950 [interpolate-size:allow-keywords] dark:border-white dark:text-white"
    >
      <Accordion.Item className="[&::details-content]:[block-size:0] [&::details-content]:overflow-hidden [&::details-content]:[transition:block-size_150ms_ease-out,content-visibility_150ms_ease-out_allow-discrete] [&[open]::details-content]:[block-size:auto]">
        <Accordion.Trigger className="group flex w-full cursor-pointer list-none items-center justify-between gap-4 bg-transparent px-3 py-2 text-start text-sm font-normal text-neutral-950 select-none hover:not-data-disabled:bg-neutral-100 focus-visible:relative focus-visible:z-1 focus-visible:outline-2 focus-visible:outline-neutral-950 data-disabled:cursor-not-allowed dark:text-white dark:hover:not-data-disabled:bg-neutral-800 dark:focus-visible:outline-white [&::-webkit-details-marker]:hidden">
          What is Base UI?
          <PlusIcon className="shrink-0 transition-transform duration-100 ease-[ease-out] group-data-panel-open:rotate-45" />
        </Accordion.Trigger>
        <Accordion.Panel className="text-sm">
          <div className="px-3 py-2">
            Base UI is a library of high-quality unstyled React components for design systems and
            web apps.
          </div>
        </Accordion.Panel>
      </Accordion.Item>

      <Accordion.Item className="border-t border-neutral-950 [&::details-content]:[block-size:0] [&::details-content]:overflow-hidden [&::details-content]:[transition:block-size_150ms_ease-out,content-visibility_150ms_ease-out_allow-discrete] [&[open]::details-content]:[block-size:auto] dark:border-white">
        <Accordion.Trigger className="group flex w-full cursor-pointer list-none items-center justify-between gap-4 bg-transparent px-3 py-2 text-start text-sm font-normal text-neutral-950 select-none hover:not-data-disabled:bg-neutral-100 focus-visible:relative focus-visible:z-1 focus-visible:outline-2 focus-visible:outline-neutral-950 data-disabled:cursor-not-allowed dark:text-white dark:hover:not-data-disabled:bg-neutral-800 dark:focus-visible:outline-white [&::-webkit-details-marker]:hidden">
          How do I get started?
          <PlusIcon className="shrink-0 transition-transform duration-100 ease-[ease-out] group-data-panel-open:rotate-45" />
        </Accordion.Trigger>
        <Accordion.Panel className="text-sm">
          <div className="px-3 py-2">
            Head to the “Quick start” guide in the docs. If you’ve used unstyled libraries before,
            you’ll feel at home.
          </div>
        </Accordion.Panel>
      </Accordion.Item>

      <Accordion.Item className="border-t border-neutral-950 [&::details-content]:[block-size:0] [&::details-content]:overflow-hidden [&::details-content]:[transition:block-size_150ms_ease-out,content-visibility_150ms_ease-out_allow-discrete] [&[open]::details-content]:[block-size:auto] dark:border-white">
        <Accordion.Trigger className="group flex w-full cursor-pointer list-none items-center justify-between gap-4 bg-transparent px-3 py-2 text-start text-sm font-normal text-neutral-950 select-none hover:not-data-disabled:bg-neutral-100 focus-visible:relative focus-visible:z-1 focus-visible:outline-2 focus-visible:outline-neutral-950 data-disabled:cursor-not-allowed dark:text-white dark:hover:not-data-disabled:bg-neutral-800 dark:focus-visible:outline-white [&::-webkit-details-marker]:hidden">
          Can I use it for my project?
          <PlusIcon className="shrink-0 transition-transform duration-100 ease-[ease-out] group-data-panel-open:rotate-45" />
        </Accordion.Trigger>
        <Accordion.Panel className="text-sm">
          <div className="px-3 py-2">Of course! Base UI is free and open source.</div>
        </Accordion.Panel>
      </Accordion.Item>
    </Accordion.Root>
  );
}

function PlusIcon(props: React.ComponentProps<'svg'>) {
  return (
    <svg
      width="16"
      height="16"
      viewBox="0 0 16 16"
      fill="none"
      stroke="currentColor"
      strokeLinecap="square"
      strokeLinejoin="round"
      {...props}
      style={{ display: 'block', ...props.style }}
    >
      <path d="M1.5 8h13M8 14.5v-13" />
    </svg>
  );
}

\`\`\`

### CSS Modules

This example shows how to implement the component using CSS Modules.

\`\`\`css
/* index.module.css */
.Accordion {
  box-sizing: border-box;
  display: flex;
  max-width: 20rem;
  width: 100%;
  flex-direction: column;
  border: 1px solid oklch(14.5% 0 0deg);
  color: oklch(14.5% 0 0deg);

  /* Enables animating the panel from a fixed height to \`auto\`. */
  interpolate-size: allow-keywords;

  @media (prefers-color-scheme: dark) {
    border: 1px solid white;
    color: white;
  }
}

.Item {
  & + & {
    border-top: 1px solid oklch(14.5% 0 0deg);

    @media (prefers-color-scheme: dark) {
      border-top: 1px solid white;
    }
  }

  /* The panel lives in the \`<details>\` content, animated with modern CSS. */
  &::details-content {
    block-size: 0;
    overflow: hidden;
    transition-property: block-size, content-visibility;
    transition-duration: 150ms;
    transition-timing-function: ease-out;
    transition-behavior: allow-discrete;
  }

  &[open]::details-content {
    block-size: auto;
  }

  @media (prefers-reduced-motion: reduce) {
    &::details-content {
      transition: none;
    }
  }
}

.Trigger {
  box-sizing: border-box;
  display: flex;
  width: 100%;
  align-items: center;
  justify-content: space-between;
  gap: 1rem;
  padding: 0.5rem 0.75rem;
  margin: 0;
  background-color: transparent;
  color: oklch(14.5% 0 0deg);
  font-family: inherit;
  font-size: 0.875rem;
  font-weight: 400;
  line-height: 1.25rem;
  text-align: start;
  cursor: pointer;
  list-style: none;
  -webkit-user-select: none;
  user-select: none;

  &::-webkit-details-marker {
    display: none;
  }

  @media (prefers-color-scheme: dark) {
    color: white;
  }

  @media (hover: hover) {
    &:hover:not([data-disabled]) {
      background-color: oklch(97% 0 0deg);

      @media (prefers-color-scheme: dark) {
        background-color: oklch(26.9% 0 0deg);
      }
    }
  }

  &[data-disabled] {
    cursor: not-allowed;
  }

  &:focus-visible {
    position: relative;
    outline: 2px solid oklch(14.5% 0 0deg);
    z-index: 1;

    @media (prefers-color-scheme: dark) {
      outline-color: white;
    }
  }
}

.Icon {
  transition: transform 100ms ease-out;

  [data-panel-open] > & {
    transform: rotate(45deg);
  }
}

.Panel {
  font-size: 0.875rem;
  line-height: 1.25rem;
}

.Content {
  padding: 0.5rem 0.75rem;
}

\`\`\`

\`\`\`tsx
/* index.tsx */
import * as React from 'react';
import { Accordion } from '@base-ui/react/accordion';
import styles from './index.module.css';

export default function ExampleAccordion() {
  return (
    <Accordion.Root className={styles.Accordion} multiple>
      <Accordion.Item className={styles.Item}>
        <Accordion.Trigger className={styles.Trigger}>
          What is Base UI?
          <PlusIcon className={styles.Icon} />
        </Accordion.Trigger>
        <Accordion.Panel className={styles.Panel}>
          <div className={styles.Content}>
            Base UI is a library of high-quality unstyled React components for design systems and
            web apps.
          </div>
        </Accordion.Panel>
      </Accordion.Item>

      <Accordion.Item className={styles.Item}>
        <Accordion.Trigger className={styles.Trigger}>
          How do I get started?
          <PlusIcon className={styles.Icon} />
        </Accordion.Trigger>
        <Accordion.Panel className={styles.Panel}>
          <div className={styles.Content}>
            Head to the “Quick start” guide in the docs. If you’ve used unstyled libraries before,
            you’ll feel at home.
          </div>
        </Accordion.Panel>
      </Accordion.Item>

      <Accordion.Item className={styles.Item}>
        <Accordion.Trigger className={styles.Trigger}>
          Can I use it for my project?
          <PlusIcon className={styles.Icon} />
        </Accordion.Trigger>
        <Accordion.Panel className={styles.Panel}>
          <div className={styles.Content}>Of course! Base UI is free and open source.</div>
        </Accordion.Panel>
      </Accordion.Item>
    </Accordion.Root>
  );
}

function PlusIcon(props: React.ComponentProps<'svg'>) {
  return (
    <svg
      width="16"
      height="16"
      viewBox="0 0 16 16"
      fill="none"
      stroke="currentColor"
      strokeLinecap="square"
      strokeLinejoin="round"
      {...props}
      style={{ display: 'block', ...props.style }}
    >
      <path d="M1.5 8h13M8 14.5v-13" />
    </svg>
  );
}

\`\`\`

## Accessibility

- **Native semantics**: each \`Accordion.Item\` is a \`<details>\` and each \`Accordion.Trigger\` is its \`<summary>\`, so the browser provides the disclosure role and announces the expanded/collapsed state — no \`aria-expanded\`, \`aria-controls\`, or \`role\` attributes are added.
- **Keyboard interactions** (all built in):
  - <kbd>Enter</kbd> / <kbd>Space</kbd> — toggles the focused trigger's panel open or closed.
  - <kbd>Tab</kbd> / <kbd>Shift+Tab</kbd> — moves between triggers in the normal tab order.
- **Exclusive open state**: single-open behavior comes from the shared \`name\` on each \`<details>\`, so it keeps working even before JavaScript loads.
- **Find in page**: because closed panels stay in the DOM, the browser's find-in-page can match hidden text and open the corresponding item automatically.
- **Disabled items**: a disabled trigger keeps \`aria-disabled\` (staying focusable and discoverable) instead of being removed from the tab order, and its toggle is suppressed.

## API reference

### Root

Groups all parts of the accordion.
Renders a \`<div>\` element.

**Root Props:**

| Prop          | Type                                                                                                | Default | Description                                                                                                                                                                                   |
| :------------ | :-------------------------------------------------------------------------------------------------- | :------ | :-------------------------------------------------------------------------------------------------------------------------------------------------------------------------------------------- |
| defaultValue  | \`Value[]\`                                                                                           | -       | The uncontrolled value of the item(s) that should be initially expanded. To render a controlled accordion, use the \`value\` prop instead.                                                      |
| value         | \`Value[]\`                                                                                           | -       | The controlled value of the item(s) that should be expanded. To render an uncontrolled accordion, use the \`defaultValue\` prop instead.                                                        |
| onValueChange | \`((value: Value[], eventDetails: Accordion.Root.ChangeEventDetails) => void)\`                       | -       | Event handler called when an accordion item is expanded or collapsed.&#xA;Provides the new value as an argument.                                                                              |
| multiple      | \`boolean\`                                                                                           | \`false\` | Whether multiple items can be open at the same time.                                                                                                                                          |
| disabled      | \`boolean\`                                                                                           | \`false\` | Whether the component should ignore user interaction.                                                                                                                                         |
| className     | \`string \\| ((state: Accordion.Root.State<Value>) => string \\| undefined)\`                           | -       | CSS class applied to the element, or a function that&#xA;returns a class based on the component's state.                                                                                      |
| style         | \`React.CSSProperties \\| ((state: Accordion.Root.State<Value>) => React.CSSProperties \\| undefined)\` | -       | Style applied to the element, or a function that&#xA;returns a style object based on the component's state.                                                                                   |
| render        | \`ReactElement \\| ((props: HTMLProps, state: Accordion.Root.State<Value>) => ReactElement)\`          | -       | Allows you to replace the component's HTML element&#xA;with a different tag, or compose it with another component. Accepts a \`ReactElement\` or a function that returns the element to render. |

**Root Data Attributes:**

| Attribute     | Type | Description                             |
| :------------ | :--- | :-------------------------------------- |
| data-disabled | -    | Present when the accordion is disabled. |

### Root.Props

Re-export of [Root](#root) props.

### Root.State

\`\`\`typescript
type AccordionRootState<TValue = any> = {
  /** The current value. */
  value: TValue[];
  /** Whether the component should ignore user interaction. */
  disabled: boolean;
};
\`\`\`

### Root.ChangeEventReason

\`\`\`typescript
type AccordionRootChangeEventReason = 'trigger-press' | 'none';
\`\`\`

### Root.ChangeEventDetails

\`\`\`typescript
type AccordionRootChangeEventDetails = (
  | { reason: 'trigger-press'; event: MouseEvent | PointerEvent | TouchEvent | KeyboardEvent }
  | { reason: 'none'; event: Event }
) & {
  /** Cancels Base UI from handling the event. */
  cancel: () => void;
  /** Allows the event to propagate in cases where Base UI will stop the propagation. */
  allowPropagation: () => void;
  /** Indicates whether the event has been canceled. */
  isCanceled: boolean;
  /** Indicates whether the event is allowed to propagate. */
  isPropagationAllowed: boolean;
  /** The element that triggered the event, if applicable. */
  trigger: Element | undefined;
};
\`\`\`

### Root.Value

\`\`\`typescript
type AccordionRootValue<TValue = any> = TValue[];
\`\`\`

### Trigger

A summary that labels and toggles the corresponding panel.
Renders a \`<summary>\` element.

**Trigger Props:**

| Prop      | Type                                                                                            | Default | Description                                                                                                                                                                                   |
| :-------- | :---------------------------------------------------------------------------------------------- | :------ | :-------------------------------------------------------------------------------------------------------------------------------------------------------------------------------------------- |
| className | \`string \\| ((state: Accordion.Trigger.State) => string \\| undefined)\`                           | -       | CSS class applied to the element, or a function that&#xA;returns a class based on the component's state.                                                                                      |
| style     | \`React.CSSProperties \\| ((state: Accordion.Trigger.State) => React.CSSProperties \\| undefined)\` | -       | Style applied to the element, or a function that&#xA;returns a style object based on the component's state.                                                                                   |
| render    | \`ReactElement \\| ((props: HTMLProps, state: Accordion.Trigger.State) => ReactElement)\`          | -       | Allows you to replace the component's HTML element&#xA;with a different tag, or compose it with another component. Accepts a \`ReactElement\` or a function that returns the element to render. |

**Trigger Data Attributes:**

| Attribute       | Type | Description                                  |
| :-------------- | :--- | :------------------------------------------- |
| data-panel-open | -    | Present when the accordion panel is open.    |
| data-disabled   | -    | Present when the accordion item is disabled. |

### Trigger.Props

Re-export of [Trigger](#trigger) props.

### Trigger.State

\`\`\`typescript
type AccordionTriggerState = {
  /** The item index. */
  index: number;
  /** Whether the component should ignore user interaction. */
  disabled: boolean;
  /** Whether the component is open. */
  open: boolean;
};
\`\`\`

### Item

Groups an accordion trigger with the corresponding panel.
Renders a \`<details>\` element.

**Item Props:**

| Prop         | Type                                                                                         | Default | Description                                                                                                                                                                                                                 |
| :----------- | :------------------------------------------------------------------------------------------- | :------ | :-------------------------------------------------------------------------------------------------------------------------------------------------------------------------------------------------------------------------- |
| value        | \`any\`                                                                                        | -       | A unique value that identifies this accordion item.&#xA;If no value is provided, a unique ID will be generated automatically.&#xA;Use when controlling the accordion programmatically, or to set an initial&#xA;open state. |
| onOpenChange | \`((open: boolean, eventDetails: Accordion.Item.ChangeEventDetails) => void)\`                 | -       | Event handler called when the panel is opened or closed.                                                                                                                                                                    |
| disabled     | \`boolean\`                                                                                    | \`false\` | Whether the component should ignore user interaction.                                                                                                                                                                       |
| className    | \`string \\| ((state: Accordion.Item.State) => string \\| undefined)\`                           | -       | CSS class applied to the element, or a function that&#xA;returns a class based on the component's state.                                                                                                                    |
| style        | \`React.CSSProperties \\| ((state: Accordion.Item.State) => React.CSSProperties \\| undefined)\` | -       | Style applied to the element, or a function that&#xA;returns a style object based on the component's state.                                                                                                                 |
| render       | \`ReactElement \\| ((props: HTMLProps, state: Accordion.Item.State) => ReactElement)\`          | -       | Allows you to replace the component's HTML element&#xA;with a different tag, or compose it with another component. Accepts a \`ReactElement\` or a function that returns the element to render.                               |

**\`value\` Prop Example:**

\`\`\`tsx
<Accordion.Root value={['a']}>
  <Accordion.Item value="a" /> // initially open
  <Accordion.Item value="b" /> // initially closed
</Accordion.Root>
\`\`\`

**Item Data Attributes:**

| Attribute     | Type     | Description                                  |
| :------------ | :------- | :------------------------------------------- |
| data-open     | -        | Present when the accordion item is open.     |
| data-disabled | -        | Present when the accordion item is disabled. |
| data-index    | \`number\` | Indicates the index of the accordion item.   |

### Item.Props

Re-export of [Item](#item) props.

### Item.State

\`\`\`typescript
type AccordionItemState = {
  /** The item index. */
  index: number;
  /** Whether the component should ignore user interaction. */
  disabled: boolean;
  /** Whether the component is open. */
  open: boolean;
};
\`\`\`

### Item.ChangeEventReason

\`\`\`typescript
type AccordionItemChangeEventReason = 'trigger-press' | 'none';
\`\`\`

### Item.ChangeEventDetails

\`\`\`typescript
type AccordionItemChangeEventDetails = (
  | { reason: 'trigger-press'; event: MouseEvent | PointerEvent | TouchEvent | KeyboardEvent }
  | { reason: 'none'; event: Event }
) & {
  /** Cancels Base UI from handling the event. */
  cancel: () => void;
  /** Allows the event to propagate in cases where Base UI will stop the propagation. */
  allowPropagation: () => void;
  /** Indicates whether the event has been canceled. */
  isCanceled: boolean;
  /** Indicates whether the event is allowed to propagate. */
  isPropagationAllowed: boolean;
  /** The element that triggered the event, if applicable. */
  trigger: Element | undefined;
};
\`\`\`

### Panel

The collapsible panel with the accordion item contents.
Renders a \`<div>\` element.

The panel is the \`<details>\` content, so it stays mounted while closed and
can be animated with modern CSS via the \`::details-content\` pseudo-element.

**Panel Props:**

| Prop      | Type                                                                                          | Default | Description                                                                                                                                                                                   |
| :-------- | :-------------------------------------------------------------------------------------------- | :------ | :-------------------------------------------------------------------------------------------------------------------------------------------------------------------------------------------- |
| className | \`string \\| ((state: Accordion.Panel.State) => string \\| undefined)\`                           | -       | CSS class applied to the element, or a function that&#xA;returns a class based on the component's state.                                                                                      |
| style     | \`React.CSSProperties \\| ((state: Accordion.Panel.State) => React.CSSProperties \\| undefined)\` | -       | Style applied to the element, or a function that&#xA;returns a style object based on the component's state.                                                                                   |
| render    | \`ReactElement \\| ((props: HTMLProps, state: Accordion.Panel.State) => ReactElement)\`          | -       | Allows you to replace the component's HTML element&#xA;with a different tag, or compose it with another component. Accepts a \`ReactElement\` or a function that returns the element to render. |

**Panel Data Attributes:**

| Attribute     | Type     | Description                                  |
| :------------ | :------- | :------------------------------------------- |
| data-open     | -        | Present when the accordion panel is open.    |
| data-disabled | -        | Present when the accordion item is disabled. |
| data-index    | \`number\` | Indicates the index of the accordion item.   |

### Panel.Props

Re-export of [Panel](#panel) props.

### Panel.State

\`\`\`typescript
type AccordionPanelState = {
  /** The item index. */
  index: number;
  /** Whether the component should ignore user interaction. */
  disabled: boolean;
  /** Whether the component is open. */
  open: boolean;
};
\`\`\`

## Additional Types

### AccordionValue

\`\`\`typescript
type AccordionValue<Value = any> = Value[];
\`\`\`

## Export Groups

- \`Accordion.Root\`: \`Accordion.Root\`, \`Accordion.Root.Value\`, \`Accordion.Root.State\`, \`Accordion.Root.Props\`, \`Accordion.Root.ChangeEventReason\`, \`Accordion.Root.ChangeEventDetails\`
- \`Accordion.Item\`: \`Accordion.Item\`, \`Accordion.Item.State\`, \`Accordion.Item.Props\`, \`Accordion.Item.ChangeEventReason\`, \`Accordion.Item.ChangeEventDetails\`
- \`Accordion.Trigger\`: \`Accordion.Trigger\`, \`Accordion.Trigger.State\`, \`Accordion.Trigger.Props\`
- \`Accordion.Panel\`: \`Accordion.Panel\`, \`Accordion.Panel.State\`, \`Accordion.Panel.Props\`
- \`Default\`: \`AccordionValue\`, \`AccordionRootState\`, \`AccordionRootProps\`, \`AccordionRootChangeEventReason\`, \`AccordionRootChangeEventDetails\`, \`AccordionItemState\`, \`AccordionItemProps\`, \`AccordionItemChangeEventReason\`, \`AccordionItemChangeEventDetails\`, \`AccordionTriggerState\`, \`AccordionTriggerProps\`, \`AccordionPanelState\`, \`AccordionPanelProps\`

## Canonical Types

Maps \`Canonical\`: \`Alias\` — Use Canonical when its namespace is already imported; otherwise use Alias.

- \`Accordion.Root.State\`: \`AccordionRootState\`
- \`Accordion.Root.Props\`: \`AccordionRootProps\`
- \`Accordion.Root.ChangeEventReason\`: \`AccordionRootChangeEventReason\`
- \`Accordion.Root.ChangeEventDetails\`: \`AccordionRootChangeEventDetails\`
- \`Accordion.Item.State\`: \`AccordionItemState\`
- \`Accordion.Item.Props\`: \`AccordionItemProps\`
- \`Accordion.Item.ChangeEventReason\`: \`AccordionItemChangeEventReason\`
- \`Accordion.Item.ChangeEventDetails\`: \`AccordionItemChangeEventDetails\`
- \`Accordion.Trigger.State\`: \`AccordionTriggerState\`
- \`Accordion.Trigger.Props\`: \`AccordionTriggerProps\`
- \`Accordion.Panel.State\`: \`AccordionPanelState\`
- \`Accordion.Panel.Props\`: \`AccordionPanelProps\`
"
`;

exports[`mdxToMarkdown > should transform Direction Provider MDX content to markdown with metadata 1`] = `
"# Direction Provider



A direction provider component that enables RTL behavior for Base UI components.

## Demo

### Tailwind

This example shows how to implement the component using Tailwind CSS.

\`\`\`tsx
/* index.tsx */
import { Slider } from '@base-ui/react/slider';
import { DirectionProvider } from '@base-ui/react/direction-provider';

export default function ExampleDirectionProvider() {
  return (
    <div dir="rtl">
      <DirectionProvider direction="rtl">
        <Slider.Root defaultValue={25}>
          <Slider.Control className="flex w-56 touch-none items-center py-3 select-none">
            <Slider.Track className="h-1 w-full bg-neutral-200 select-none dark:bg-neutral-800">
              <Slider.Indicator className="bg-neutral-950 select-none dark:bg-white" />
              <Slider.Thumb
                aria-label="Volume"
                className="size-4 border border-neutral-950 bg-white select-none has-[:focus-visible]:outline-2 has-[:focus-visible]:outline-offset-2 has-[:focus-visible]:outline-neutral-950 dark:has-[:focus-visible]:outline-white dark:border-white dark:bg-neutral-950"
              />
            </Slider.Track>
          </Slider.Control>
        </Slider.Root>
      </DirectionProvider>
    </div>
  );
}

\`\`\`

### CSS Modules

This example shows how to implement the component using CSS Modules.

\`\`\`css
/* index.module.css */
.Control {
  box-sizing: border-box;
  display: flex;
  align-items: center;
  width: 14rem;
  padding-block: 0.75rem;
  touch-action: none;
  -webkit-user-select: none;
  user-select: none;
}

.Track {
  width: 100%;
  height: 0.25rem;
  background-color: oklch(92.2% 0 0deg);
  -webkit-user-select: none;
  user-select: none;

  @media (prefers-color-scheme: dark) {
    background-color: oklch(26.9% 0 0deg);
  }
}

.Indicator {
  background-color: oklch(14.5% 0 0deg);
  -webkit-user-select: none;
  user-select: none;

  @media (prefers-color-scheme: dark) {
    background-color: white;
  }
}

.Thumb {
  box-sizing: border-box;
  width: 1rem;
  height: 1rem;
  border: 1px solid oklch(14.5% 0 0deg);
  background-color: white;
  -webkit-user-select: none;
  user-select: none;

  @media (prefers-color-scheme: dark) {
    border: 1px solid white;
    background-color: oklch(14.5% 0 0deg);
  }

  &:has(:focus-visible) {
    outline: 2px solid oklch(14.5% 0 0deg);
    outline-offset: 2px;

    @media (prefers-color-scheme: dark) {
      outline-color: white;
    }
  }
}

\`\`\`

\`\`\`tsx
/* index.tsx */
import { DirectionProvider } from '@base-ui/react/direction-provider';
import { Slider } from '@base-ui/react/slider';
import styles from './index.module.css';

export default function ExampleDirectionProvider() {
  return (
    <div dir="rtl">
      <DirectionProvider direction="rtl">
        <Slider.Root defaultValue={25}>
          <Slider.Control className={styles.Control}>
            <Slider.Track className={styles.Track}>
              <Slider.Indicator className={styles.Indicator} />
              <Slider.Thumb aria-label="Volume" className={styles.Thumb} />
            </Slider.Track>
          </Slider.Control>
        </Slider.Root>
      </DirectionProvider>
    </div>
  );
}

\`\`\`

## Anatomy

Import the component and wrap it around your app:

\`\`\`jsx title="Anatomy"
import { DirectionProvider } from '@base-ui/react/direction-provider';

// prettier-ignore
<DirectionProvider>
  {/* Your app or a group of components */}
</DirectionProvider>
\`\`\`

\`<DirectionProvider>\` enables child Base UI components to adjust behavior based on RTL text direction, but does not affect HTML and CSS. The \`dir="rtl"\` HTML attribute or \`direction: rtl\` CSS style must be set additionally by your own application code.

## API reference

### DirectionProvider

Enables RTL behavior for Base UI components.

**DirectionProvider Props:**

| Prop      | Type              | Default | Description                       |
| :-------- | :---------------- | :------ | :-------------------------------- |
| direction | \`TextDirection\`   | \`'ltr'\` | The reading direction of the text |
| children  | \`React.ReactNode\` | -       | -                                 |

### DirectionProvider.Props

Re-export of [DirectionProvider](#directionprovider) props.

### DirectionProvider.State

\`\`\`typescript
type DirectionProviderState = {};
\`\`\`

### useDirection

**useDirection Return Value:**

\`\`\`tsx
type ReturnValue = TextDirection;
\`\`\`

## Additional Types

### TextDirection

\`\`\`typescript
type TextDirection = 'ltr' | 'rtl';
\`\`\`

## Canonical Types

Maps \`Canonical\`: \`Alias\` — Use Canonical when its namespace is already imported; otherwise use Alias.

- \`DirectionProvider.Props\`: \`DirectionProviderProps\`

Use this hook to read the current text direction. This is useful for wrapping portaled components that may be rendered outside your application root and are unaffected by the \`dir\` attribute set within.
"
`;
